[debug] [2026-09-21T13:11:06.350Z] : 
[debug] [2026-09-21T13:11:06.350Z] : ----------------------------------------------------------------------
[debug] [2026-09-21T13:11:06.350Z] : Command:      /home/bart/.nvm/versions/node/v24.18.0/bin/node /home/bart/.nvm/versions/node/v24.18.0/bin/catalyst serve
[debug] [2026-09-21T13:11:06.350Z] : CLI Version:  1.27.2
[debug] [2026-09-21T13:11:06.350Z] : Platform:     linux
[debug] [2026-09-21T13:11:06.350Z] : Node Version: v24.18.0
[debug] [2026-09-21T13:11:06.351Z] : Time:         Mon Sep 21 2026 15:11:06 GMT+0200 (Central European Summer Time)
[debug] [2026-09-21T13:11:06.351Z] : ----------------------------------------------------------------------
[debug] [2026-09-21T13:11:06.351Z] : 
[debug] [2026-09-21T13:11:06.718Z] : > authorizing via signed-in user option
[debug] [2026-09-21T13:11:06.718Z] : > command requires scopes: ["ZohoCatalyst.projects.ALL","ZohoCatalyst.apigateway.apis.READ","ZohoCatalyst.apigateway.READ","ZohoCatalyst.segments.ALL","ZohoCatalyst.cache.READ","ZohoCatalyst.cache.CREATE","ZohoCatalyst.cache.DELETE","ZohoCatalyst.projects.ALL","ZohoCatalyst.cron.ALL","ZohoCatalyst.zcql.CREATE","ZohoCatalyst.projects.users.READ","ZohoCatalyst.projects.users.CREATE","ZohoCatalyst.projects.users.DELETE","ZohoCatalyst.projects.users.UPDATE","ZohoCatalyst.authentication.CREATE","ZohoCatalyst.email.CREATE","ZohoCatalyst.tables.ALL","ZohoCatalyst.tables.rows.ALL","ZohoCatalyst.tables.columns.ALL","ZohoCatalyst.tables.bulk.CREATE","ZohoCatalyst.tables.bulk.READ","ZohoCatalyst.folders.ALL","ZohoCatalyst.files.CREATE","ZohoCatalyst.files.READ","ZohoCatalyst.files.DELETE","ZohoCatalyst.functions.ALL","ZohoCatalyst.functions.EXECUTE","ZohoCatalyst.eventlistners.ALL","ZohoCatalyst.eventlisteners.produce","ZohoCatalyst.security.rules.Read","ZohoCatalyst.security.rules.Update","ZohoCatalyst.notifications.mobile","ZohoCatalyst.notifications.web","ZohoCatalyst.search.READ","ZohoCatalyst.mlkit.READ","QuickML.deployment.READ","ZohoCatalyst.pdfshot.execute","ZohoCatalyst.grid.READ","ZohoCatalyst.grid.terminate","ZohoCatalyst.circuits.execution.DELETE","ZohoCatalyst.circuits.execution.READ","ZohoCatalyst.circuits.execute","ZohoCatalyst.appsail.Read","ZohoCatalyst.jobpool.READ","ZohoCatalyst.job.ALL","ZohoCatalyst.nosql.READ","ZohoCatalyst.nosql.rows.ALL"]
[debug] [2026-09-21T13:11:06.838Z] : >>>> HTTP REQUEST : GET https://api.catalyst.zoho.eu/baas/v1/project/792000002478207 

[debug] [2026-09-21T13:11:06.947Z] : <<<< HTTP RESPONSE : 200
Response Headers: {"server":"ZGS","date":"Mon, 21 Sep 2026 13:11:06 GMT","content-type":"application/vnd.catalyst.v2+json","transfer-encoding":"chunked","connection":"keep-alive","x-content-type-options":"nosniff","cache-control":"private,no-cache,no-store,max-age=0,must-revalidate","pragma":"no-cache","expires":"Thu, 01 Jan 1970 00:00:00 GMT","x-frame-options":"DENY","strict-transport-security":"max-age=64072000; includeSubDomains; preload"}

[debug] [2026-09-21T13:11:06.955Z] : >>>> HTTP REQUEST : GET https://api.catalyst.zoho.eu/baas/v1/project/792000002478207/environment 

[debug] [2026-09-21T13:11:06.989Z] : <<<< HTTP RESPONSE : 200
Response Headers: {"server":"ZGS","date":"Mon, 21 Sep 2026 13:11:06 GMT","content-type":"application/vnd.catalyst.v2+json","transfer-encoding":"chunked","connection":"keep-alive","x-content-type-options":"nosniff","cache-control":"private,no-cache,no-store,max-age=0,must-revalidate","pragma":"no-cache","expires":"Thu, 01 Jan 1970 00:00:00 GMT","x-frame-options":"DENY","strict-transport-security":"max-age=64072000; includeSubDomains; preload"}

[debug] [2026-09-21T13:11:07.046Z] : >>>> HTTP REQUEST : GET https://api.catalyst.zoho.eu/baas/get-details 
Query params: {"feature_name":"runtime"}

[debug] [2026-09-21T13:11:07.076Z] : <<<< HTTP RESPONSE : 200
Response Headers: {"server":"ZGS","date":"Mon, 21 Sep 2026 13:11:07 GMT","content-type":"application/vnd.catalyst.v2+json","transfer-encoding":"chunked","connection":"keep-alive","x-content-type-options":"nosniff","cache-control":"private,no-cache,no-store,max-age=0,must-revalidate","pragma":"no-cache","expires":"Thu, 01 Jan 1970 00:00:00 GMT","x-frame-options":"DENY","strict-transport-security":"max-age=64072000; includeSubDomains; preload"}

[debug] [2026-09-21T13:11:07.082Z] : >>>> HTTP REQUEST : GET https://api.catalyst.zoho.eu/baas/v1/project/792000002478207/function 
Query params: {"type":"basicio,event,cron,applogic,integration,browser_logic,job"}

[debug] [2026-09-21T13:11:07.125Z] : <<<< HTTP RESPONSE : 200
Response Headers: {"server":"ZGS","date":"Mon, 21 Sep 2026 13:11:07 GMT","content-type":"application/vnd.catalyst.v2+json","transfer-encoding":"chunked","connection":"keep-alive","x-content-type-options":"nosniff","cache-control":"private,no-cache,no-store,max-age=0,must-revalidate","pragma":"no-cache","expires":"Thu, 01 Jan 1970 00:00:00 GMT","x-frame-options":"DENY","strict-transport-security":"max-age=64072000; includeSubDomains; preload"}

[debug] [2026-09-21T13:11:07.132Z] : unknown eol undefined hence skipping check
[debug] [2026-09-21T13:11:07.148Z] : Node binary for stack node24 is at /home/bart/.nvm/versions/node/v24.18.0/bin/node
[debug] [2026-09-21T13:11:09.839Z] : http port : '3000' is not available. Hence port '3001' will be used instead.
[debug] [2026-09-21T13:11:09.959Z] : No API Gateway configuration found. Skipping API Gateway rules
[debug] [2026-09-21T13:11:10.685Z] : No API Gateway configuration found. Skipping API Gateway rules
[info] [2026-09-21T13:11:10.787Z] : 
[info] [2026-09-21T13:11:10.787Z] :  >>>>>>>>>>>>> Advanced I/O <<<<<<<<<<< 
[info] [2026-09-21T13:11:10.788Z] : ℹ api: http://localhost:3000/server/api/
[info] [2026-09-21T13:11:10.788Z] : 
[info] [2026-09-21T13:11:10.788Z] : 
[info] [2026-09-21T13:11:10.788Z] :  >>>>>>>>>>>>>> Slate <<<<<<<<<<<<<< 
[info] [2026-09-21T13:11:10.788Z] : ℹ inmeetmoment: http://localhost:3001
[info] [2026-09-21T13:11:10.788Z] : 
[info] [2026-09-21T13:11:42.346Z] : [1789996302345]  "GET"  "/inplannen/323558000022852012"
[info] [2026-09-21T13:11:42.532Z] : [1789996302532]  "GET"  "/@id/virtual:vue-devtools-path:overlay.js"
[info] [2026-09-21T13:11:42.558Z] : [1789996302558]  "GET"  "/@id/virtual:vue-inspector-path:load.js"
[info] [2026-09-21T13:11:42.564Z] : [1789996302563]  "GET"  "/favicon.ico"
[info] [2026-09-21T13:11:42.568Z] : [1789996302568]  "GET"  "/@vite/client"
[info] [2026-09-21T13:11:42.571Z] : [1789996302570]  "GET"  "/src/main.ts"
[info] [2026-09-21T13:11:42.681Z] : [1789996302681]  "GET"  "/favicon.ico"
[info] [2026-09-21T13:11:42.700Z] : [1789996302700]  "GET"  "/src/App.vue"
[info] [2026-09-21T13:11:42.703Z] : [1789996302703]  "GET"  "/src/router/index.ts"
[info] [2026-09-21T13:11:42.712Z] : [1789996302712]  "GET"  "/src/styles.css"
[info] [2026-09-21T13:11:42.739Z] : [1789996302738]  "GET"  "/node_modules/primeicons/primeicons.css"
[info] [2026-09-21T13:11:42.757Z] : [1789996302757]  "GET"  "/node_modules/vite-plugin-vue-inspector/src/Overlay.vue"
[info] [2026-09-21T13:11:42.761Z] : [1789996302761]  "GET"  "/@id/virtual:vue-inspector-options"
[info] [2026-09-21T13:11:42.768Z] : [1789996302768]  "GET"  "/@id/__x00__plugin-vue:export-helper"
[info] [2026-09-21T13:11:42.779Z] : [1789996302778]  "GET"  "/@id/__x00__virtual:vue-devtools-options"
[info] [2026-09-21T13:11:42.887Z] : [1789996302887]  "GET"  "/@id/virtual:vue-devtools-path:overlay/devtools-overlay.css"
[info] [2026-09-21T13:11:42.892Z] : [1789996302891]  "GET"  "/@id/virtual:vue-devtools-path:overlay/devtools-overlay.mjs"
[info] [2026-09-21T13:11:42.901Z] : [1789996302900]  "GET"  "/node_modules/vite-plugin-vue-inspector/src/Overlay.vue?vue&type=style&index=0&scoped=31d1379f&lang.css"
[info] [2026-09-21T13:11:42.906Z] : [1789996302905]  "GET"  "/node_modules/vite/dist/client/env.mjs"
[info] [2026-09-21T13:11:43.001Z] : [1789996303001]  "GET"  "/src/layouts/default.vue"
[info] [2026-09-21T13:11:43.003Z] : [1789996303003]  "GET"  "/src/pages/inplannen.vue"
[info] [2026-09-21T13:11:43.071Z] : [1789996303071]  "GET"  "/favicon.ico"
[info] [2026-09-21T13:11:43.141Z] : [1789996303141]  "GET"  "/src/components/icons/gamma.vue"
[info] [2026-09-21T13:11:43.168Z] : [1789996303168]  "GET"  "/src/components/icons/curtains.vue"
[info] [2026-09-21T13:11:43.171Z] : [1789996303171]  "GET"  "/src/components/icons/floor.vue"
[info] [2026-09-21T13:11:43.174Z] : [1789996303174]  "GET"  "/src/components/icons/window.vue"
[info] [2026-09-21T13:11:43.297Z] : [1789996303297]  "GET"  "/server/api/booking/323558000022852012"
[info] [2026-09-21T13:11:43.300Z] : [1789996303300]  "GET"  "/server/api/availability/323558000022852012"
[info] [2026-09-21T13:11:47.367Z] : [1789996307367]  "GET"  "/@id/virtual:vue-devtools-path:overlay/devtools-overlay.css"
[info] [2026-09-21T13:11:47.420Z] : [1789996307419]  "GET"  "/.well-known/appspecific/com.chrome.devtools.json"
[info] [2026-09-21T13:12:00.882Z] : 
change of utils/crmConnector.js in api detected. Preparing your function, please wait...
[debug] [2026-09-21T13:12:00.884Z] : Node binary for stack node24 is at /home/bart/.nvm/versions/node/v24.18.0/bin/node
[info] [2026-09-21T13:12:04.089Z] : ℹ AdvancedIO[api]: ready!
[info] [2026-09-21T13:12:04.090Z] : ℹ AdvancedIO[api]: http://localhost:3000/server/api/
[info] [2026-09-21T13:12:13.067Z] : [1789996333067]  "GET"  "/inplannen/323558000022852012"
[info] [2026-09-21T13:12:13.160Z] : [1789996333160]  "GET"  "/@id/virtual:vue-devtools-path:overlay.js"
[info] [2026-09-21T13:12:13.175Z] : [1789996333175]  "GET"  "/@id/virtual:vue-inspector-path:load.js"
[info] [2026-09-21T13:12:13.184Z] : [1789996333183]  "GET"  "/@vite/client"
[info] [2026-09-21T13:12:13.191Z] : [1789996333190]  "GET"  "/src/main.ts"
[info] [2026-09-21T13:12:13.231Z] : [1789996333230]  "GET"  "/@id/__x00__virtual:vue-devtools-options"
[info] [2026-09-21T13:12:13.261Z] : [1789996333261]  "GET"  "/node_modules/vite-plugin-vue-inspector/src/Overlay.vue"
[info] [2026-09-21T13:12:13.265Z] : [1789996333265]  "GET"  "/@id/virtual:vue-inspector-options"
[info] [2026-09-21T13:12:13.281Z] : [1789996333281]  "GET"  "/.well-known/appspecific/com.chrome.devtools.json"
[info] [2026-09-21T13:12:13.287Z] : [1789996333287]  "GET"  "/src/App.vue"
[info] [2026-09-21T13:12:13.291Z] : [1789996333291]  "GET"  "/src/router/index.ts"
[info] [2026-09-21T13:12:13.294Z] : [1789996333293]  "GET"  "/src/styles.css"
[info] [2026-09-21T13:12:13.295Z] : [1789996333295]  "GET"  "/node_modules/primeicons/primeicons.css"
[info] [2026-09-21T13:12:13.296Z] : [1789996333296]  "GET"  "/node_modules/vite/dist/client/env.mjs"
[info] [2026-09-21T13:12:13.370Z] : [1789996333370]  "GET"  "/@id/virtual:vue-devtools-path:overlay/devtools-overlay.css"
[info] [2026-09-21T13:12:13.373Z] : [1789996333373]  "GET"  "/@id/virtual:vue-devtools-path:overlay/devtools-overlay.mjs"
[info] [2026-09-21T13:12:13.388Z] : [1789996333388]  "GET"  "/node_modules/vite-plugin-vue-inspector/src/Overlay.vue?vue&type=style&index=0&scoped=31d1379f&lang.css"
[info] [2026-09-21T13:12:13.391Z] : [1789996333391]  "GET"  "/@id/__x00__plugin-vue:export-helper"
[info] [2026-09-21T13:12:13.480Z] : [1789996333480]  "GET"  "/src/layouts/default.vue"
[info] [2026-09-21T13:12:13.481Z] : [1789996333481]  "GET"  "/src/pages/inplannen.vue"
[info] [2026-09-21T13:12:13.551Z] : [1789996333551]  "GET"  "/src/components/icons/gamma.vue"
[info] [2026-09-21T13:12:13.558Z] : [1789996333558]  "GET"  "/src/components/icons/curtains.vue"
[info] [2026-09-21T13:12:13.560Z] : [1789996333560]  "GET"  "/src/components/icons/floor.vue"
[info] [2026-09-21T13:12:13.563Z] : [1789996333562]  "GET"  "/src/components/icons/window.vue"
[info] [2026-09-21T13:12:13.750Z] : [1789996333750]  "GET"  "/server/api/booking/323558000022852012"
[info] [2026-09-21T13:12:13.753Z] : [1789996333753]  "GET"  "/server/api/availability/323558000022852012"
[info] [2026-09-21T13:12:13.798Z] : [1789996333797]  "GET"  "/favicon.ico"
[info] [2026-09-21T13:12:34.348Z] : 
change of utils/crmConnector.js in api detected. Preparing your function, please wait...
[debug] [2026-09-21T13:12:34.349Z] : Node binary for stack node24 is at /home/bart/.nvm/versions/node/v24.18.0/bin/node
[info] [2026-09-21T13:12:37.308Z] : ℹ AdvancedIO[api]: ready!
[info] [2026-09-21T13:12:37.309Z] : ℹ AdvancedIO[api]: http://localhost:3000/server/api/
[info] [2026-09-21T13:13:40.892Z] : [1789996420892]  "GET"  "/server/api/booking/323558000022852012"
[info] [2026-09-21T13:13:42.717Z] : [1789996422717]  "GET"  "/favicon.ico"
[info] [2026-09-21T13:13:48.219Z] : [1789996428219]  "GET"  "/favicon.ico"
[info] [2026-09-21T13:13:49.088Z] : [1789996429087]  "GET"  "/inplannen/323558000022852012"
[info] [2026-09-21T13:13:49.194Z] : [1789996429193]  "GET"  "/@id/virtual:vue-devtools-path:overlay.js"
[info] [2026-09-21T13:13:49.204Z] : [1789996429203]  "GET"  "/@id/virtual:vue-inspector-path:load.js"
[info] [2026-09-21T13:13:49.211Z] : [1789996429210]  "GET"  "/@vite/client"
[info] [2026-09-21T13:13:49.217Z] : [1789996429216]  "GET"  "/src/main.ts"
[info] [2026-09-21T13:13:49.236Z] : [1789996429235]  "GET"  "/@id/__x00__virtual:vue-devtools-options"
[info] [2026-09-21T13:13:49.266Z] : [1789996429265]  "GET"  "/node_modules/vite-plugin-vue-inspector/src/Overlay.vue"
[info] [2026-09-21T13:13:49.269Z] : [1789996429269]  "GET"  "/@id/virtual:vue-inspector-options"
[info] [2026-09-21T13:13:49.272Z] : [1789996429272]  "GET"  "/src/App.vue"
[info] [2026-09-21T13:13:49.277Z] : [1789996429277]  "GET"  "/src/router/index.ts"
[info] [2026-09-21T13:13:49.282Z] : [1789996429281]  "GET"  "/src/styles.css"
[info] [2026-09-21T13:13:49.287Z] : [1789996429286]  "GET"  "/node_modules/primeicons/primeicons.css"
[info] [2026-09-21T13:13:49.291Z] : [1789996429290]  "GET"  "/node_modules/vite/dist/client/env.mjs"
[info] [2026-09-21T13:13:49.332Z] : [1789996429332]  "GET"  "/@id/virtual:vue-devtools-path:overlay/devtools-overlay.css"
[info] [2026-09-21T13:13:49.335Z] : [1789996429335]  "GET"  "/@id/virtual:vue-devtools-path:overlay/devtools-overlay.mjs"
[info] [2026-09-21T13:13:49.337Z] : [1789996429337]  "GET"  "/node_modules/vite-plugin-vue-inspector/src/Overlay.vue?vue&type=style&index=0&scoped=31d1379f&lang.css"
[info] [2026-09-21T13:13:49.339Z] : [1789996429339]  "GET"  "/@id/__x00__plugin-vue:export-helper"
[info] [2026-09-21T13:13:49.440Z] : [1789996429440]  "GET"  "/src/layouts/default.vue"
[info] [2026-09-21T13:13:49.442Z] : [1789996429442]  "GET"  "/src/pages/inplannen.vue"
[info] [2026-09-21T13:13:49.544Z] : [1789996429544]  "GET"  "/src/components/icons/gamma.vue"
[info] [2026-09-21T13:13:49.549Z] : [1789996429548]  "GET"  "/src/components/icons/curtains.vue"
[info] [2026-09-21T13:13:49.554Z] : [1789996429554]  "GET"  "/src/components/icons/floor.vue"
[info] [2026-09-21T13:13:49.557Z] : [1789996429557]  "GET"  "/src/components/icons/window.vue"
[info] [2026-09-21T13:13:49.574Z] : [1789996429574]  "GET"  "/favicon.ico"
[info] [2026-09-21T13:13:49.624Z] : [1789996429623]  "GET"  "/.well-known/appspecific/com.chrome.devtools.json"
[info] [2026-09-21T13:13:49.739Z] : [1789996429738]  "GET"  "/server/api/availability/323558000022852012"
[info] [2026-09-21T13:13:49.740Z] : [1789996429740]  "GET"  "/server/api/booking/323558000022852012"
[info] [2026-09-21T13:14:08.733Z] : [1789996448733]  "GET"  "/favicon.ico"
[info] [2026-09-21T13:14:10.123Z] : [1789996450123]  "GET"  "/inplannen/323558000023006012"
[info] [2026-09-21T13:14:10.232Z] : [1789996450232]  "GET"  "/@id/virtual:vue-devtools-path:overlay.js"
[info] [2026-09-21T13:14:10.235Z] : [1789996450235]  "GET"  "/@id/virtual:vue-inspector-path:load.js"
[info] [2026-09-21T13:14:10.243Z] : [1789996450243]  "GET"  "/@vite/client"
[info] [2026-09-21T13:14:10.246Z] : [1789996450246]  "GET"  "/src/main.ts"
[info] [2026-09-21T13:14:10.264Z] : [1789996450263]  "GET"  "/@id/__x00__virtual:vue-devtools-options"
[info] [2026-09-21T13:14:10.272Z] : [1789996450272]  "GET"  "/node_modules/vite-plugin-vue-inspector/src/Overlay.vue"
[info] [2026-09-21T13:14:10.279Z] : [1789996450279]  "GET"  "/@id/virtual:vue-inspector-options"
[info] [2026-09-21T13:14:10.290Z] : [1789996450289]  "GET"  "/src/App.vue"
[info] [2026-09-21T13:14:10.299Z] : [1789996450298]  "GET"  "/src/router/index.ts"
[info] [2026-09-21T13:14:10.304Z] : [1789996450303]  "GET"  "/src/styles.css"
[info] [2026-09-21T13:14:10.308Z] : [1789996450307]  "GET"  "/node_modules/primeicons/primeicons.css"
[info] [2026-09-21T13:14:10.325Z] : [1789996450325]  "GET"  "/node_modules/vite/dist/client/env.mjs"
[info] [2026-09-21T13:14:10.366Z] : [1789996450366]  "GET"  "/@id/virtual:vue-devtools-path:overlay/devtools-overlay.css"
[info] [2026-09-21T13:14:10.374Z] : [1789996450374]  "GET"  "/@id/virtual:vue-devtools-path:overlay/devtools-overlay.mjs"
[info] [2026-09-21T13:14:10.384Z] : [1789996450384]  "GET"  "/node_modules/vite-plugin-vue-inspector/src/Overlay.vue?vue&type=style&index=0&scoped=31d1379f&lang.css"
[info] [2026-09-21T13:14:10.386Z] : [1789996450386]  "GET"  "/@id/__x00__plugin-vue:export-helper"
[info] [2026-09-21T13:14:10.395Z] : [1789996450395]  "GET"  "/.well-known/appspecific/com.chrome.devtools.json"
[info] [2026-09-21T13:14:10.549Z] : [1789996450549]  "GET"  "/src/layouts/default.vue"
[info] [2026-09-21T13:14:10.556Z] : [1789996450556]  "GET"  "/src/pages/inplannen.vue"
[info] [2026-09-21T13:14:10.616Z] : [1789996450616]  "GET"  "/src/components/icons/gamma.vue"
[info] [2026-09-21T13:14:10.618Z] : [1789996450618]  "GET"  "/src/components/icons/curtains.vue"
[info] [2026-09-21T13:14:10.623Z] : [1789996450623]  "GET"  "/src/components/icons/floor.vue"
[info] [2026-09-21T13:14:10.627Z] : [1789996450627]  "GET"  "/src/components/icons/window.vue"
[info] [2026-09-21T13:14:10.774Z] : [1789996450773]  "GET"  "/server/api/booking/323558000023006012"
[info] [2026-09-21T13:14:10.776Z] : [1789996450776]  "GET"  "/server/api/availability/323558000023006012"
[info] [2026-09-21T13:14:14.093Z] : [1789996454093]  "GET"  "/node_modules/primeicons/fonts/primeicons.woff2"
[info] [2026-09-21T13:14:14.175Z] : [1789996454175]  "GET"  "/favicon.ico"
[info] [2026-09-21T13:14:21.474Z] : [1789996461473]  "GET"  "/server/api/booking/323558000023006012/create?date=2026-09-22&time=16%3A00&type=Raamdecoratie"
[info] [2026-09-21T13:15:21.940Z] : 
change of catalyst-config.json in api detected. Preparing your function, please wait...
[debug] [2026-09-21T13:15:21.941Z] : Node binary for stack node24 is at /home/bart/.nvm/versions/node/v24.18.0/bin/node
[info] [2026-09-21T13:15:25.174Z] : ℹ AdvancedIO[api]: ready!
[info] [2026-09-21T13:15:25.174Z] : ℹ AdvancedIO[api]: http://localhost:3000/server/api/
